
> vite-react-app@0.0.0 build
> vite build

vite v8.0.14 building client environment for production...
[2Ktransforming...✓ 5062 modules transformed.
rendering chunks...
computing gzip size...
dist/index.html                   0.65 kB │ gzip:   0.43 kB
dist/assets/index-BzlGBVQV.css   78.64 kB │ gzip:  14.51 kB
dist/assets/index-Dd36_AVH.js   818.79 kB │ gzip: 240.30 kB

[plugin builtin:vite-reporter] 
(!) Some chunks are larger than 500 kB after minification. Consider:
- Using dynamic import() to code-split the application
- Use build.rolldownOptions.output.codeSplitting to improve chunking: https://rolldown.rs/reference/OutputOptions.codeSplitting
- Adjust chunk size limit for this warning via build.chunkSizeWarningLimit.
✗ Build failed in 4.12s
error during build:
Build failed with 1 error:

Error: [vite]: Rolldown failed to resolve import "@supabase/supabase-js" from "/home/user/src/lib/supabase.ts".
This is most likely unintended because it can break your application at runtime.
If you do want to externalize this module explicitly add it to
`build.rolldownOptions.external`
    at viteLog (file:///home/user/node_modules/vite/dist/node/chunks/node.js:33230:57)
    at file:///home/user/node_modules/vite/dist/node/chunks/node.js:33266:71
    at onwarn (file:///home/user/node_modules/@vitejs/plugin-react/dist/index.js:76:7)
    at file:///home/user/node_modules/vite/dist/node/chunks/node.js:33266:28
    at onRollupLog (file:///home/user/node_modules/vite/dist/node/chunks/node.js:33261:63)
    at onLog (file:///home/user/node_modules/vite/dist/node/chunks/node.js:33030:4)
    at file:///home/user/node_modules/rolldown/dist/shared/rolldown-build-9MccaWPU.mjs:50:26
    at logger (file:///home/user/node_modules/rolldown/dist/shared/rolldown-build-9MccaWPU.mjs:41:3)
    at aggregateBindingErrorsIntoJsError (file:///home/user/node_modules/rolldown/dist/shared/error-B8po7KiL.mjs:48:18)
    at unwrapBindingResult (file:///home/user/node_modules/rolldown/dist/shared/error-B8po7KiL.mjs:18:128)
    at #build (file:///home/user/node_modules/rolldown/dist/shared/rolldown-build-9MccaWPU.mjs:3236:34)
    at async buildEnvironment (file:///home/user/node_modules/vite/dist/node/chunks/node.js:33137:64)
    at async Object.build (file:///home/user/node_modules/vite/dist/node/chunks/node.js:33559:19)
    at async Object.buildApp (file:///home/user/node_modules/vite/dist/node/chunks/node.js:33556:153)
    at async CAC.<anonymous> (file:///home/user/node_modules/vite/dist/node/cli.js:777:3) {
  errors: [Getter/Setter]
}
